// Jest Snapshot v1, https://goo.gl/fbAQLP

exports[`BackendResponse should render when given specific database information 1`] = `
<div>
  <section>
    <div
      className="uk-section uk-animation-slide-left"
    >
      <div
        className="uk-container"
      >
        <div
          className="uk-width-4-5 uk-float-right"
        >
          <h2>
            Analysis
          </h2>
          <h4>
            <img
              alt="icon"
              className="itemicon"
              src="/icon/031000/031518.png"
            />
            Seeing Horde Axe
          </h4>
          <ul
            className="uk-list"
          >
            <li>
              On Market: 
              false
            </li>
            <li>
              Marketboard Price: 
              <span
                className=" pricenumber"
              >
                0
              </span>
            </li>
            <li>
              Material Costs: 
              <span
                className="pricenumber"
              >
                1418852
              </span>
            </li>
            <li>
              Profits: 
              <span
                className="pricenumber"
              >
                471147
              </span>
            </li>
            <li>
              Profit Percentage: 
              33.21
              %
            </li>
            <li
              className="datetime"
              value="{baseinfo.Profits.Added}"
            >
               
            </li>
          </ul>
        </div>
      </div>
    </div>
  </section>
  <section>
    <div
      className="uk-section uk-background-secondary uk-animation-slide-left uk-light"
    >
      <div
        className="uk-container"
      >
        <div
          className="uk-width-4-5 uk-float-right"
        >
          <h2>
            Materials
          </h2>
          <ul
            className="uk-list"
            uk-accordion="multiple: true"
          >
            <li>
              <a
                className="uk-accordion-title"
                href=""
              >
                <img
                  className="itemicon"
                  src="/icon/020000/020824.png"
                />
                <span>
                  High Mythrite Ingot
                   
                </span>
                <span
                  className="uk-text-meta"
                >
                  x
                  3
                </span>
              </a>
              <div
                className="uk-accordion-content"
              >
                <ul
                  className="uk-list"
                >
                  <li>
                    Lowest Market Price :
                    <span
                      className="pricenumber"
                    >
                      0
                    </span>
                  </li>
                  <li>
                    On Marketboard : 
                  </li>
                  <li>
                    Added : 
                    <span
                      className="datetime"
                    >
                      1569623257
                    </span>
                  </li>
                </ul>
              </div>
            </li>
          </ul>
        </div>
      </div>
    </div>
  </section>
</div>
`;
